// Jest Snapshot v1, https://goo.gl/fbAQLP

exports[`Testing snapshot 1`] = `
<header
  className="page-header"
>
  lol
</header>
`;
